{
    "Check if read filtering is correct": {
        "content": [
            {
                "0": [
                    [
                        "SOME_ID_1",
                        "FAW79986_pass_dbcafcd9_40623079_0_filtered",
                        "FAW79986_pass_dbcafcd9_40623079_0_filtered.fastq:md5,b43c6c664b0d8a96f1c3943bcbdf33e8"
                    ]
                ]
            }
        ],
        "meta": {
            "nf-test": "0.8.4",
            "nextflow": "23.04.1"
        },
        "timestamp": "2024-02-05T15:58:22.106656"
    }
}