{
    "Filtering primary alignments": {
        "content": [
            {
                "0": [
                    [
                        "test_sample",
                        "test_sample.primary_mapped.bam:md5,a4df4798720072ca05d23674957c7f2e",
                        "test_sample.primary_mapped.bam.bai:md5,bffe1c97be07864c1acde1ca96c024df"
                    ]
                ]
            }
        ],
        "timestamp": "2024-01-10T16:54:39.119735"
    }
}