{
    "Minimap test output": {
        "content": [
            {
                "0": [
                    [
                        "SOME_ID_1",
                        "ABC0001_0",
                        "ABC0001_0.bam:md5,31760b2437fedec99dc265bf24977f49"
                    ]
                ]
            }
        ],
        "meta": {
            "nf-test": "0.8.4",
            "nextflow": "23.04.1"
        },
        "timestamp": "2024-02-05T15:24:52.921717"
    }
}