{
    "Minimap test output": {
        "content": [
            {
                "0": [
                    [
                        "ABC0001_0",
                        "ABC0001_0.bam:md5,f3d25d6f0af98d3452ba22e78f29da98"
                    ]
                ]
            }
        ],
        "timestamp": "2024-01-10T16:59:14.649198"
    }
}