{
    "Check if consensus mapping to reference with Minimap2 is correct": {
        "content": [
            {
                "0": [
                    [
                        "SOME",
                        "SOME.merged.bam:md5,ac43e3bc65c596892a9457641767a800",
                        "SOME.merged.bam.bai:md5,17a747bf6cbe9f59d8cfc7f8fbfd4312"
                    ]
                ],
                "bam": [
                    [
                        "SOME",
                        "SOME.merged.bam:md5,ac43e3bc65c596892a9457641767a800",
                        "SOME.merged.bam.bai:md5,17a747bf6cbe9f59d8cfc7f8fbfd4312"
                    ]
                ]
            }
        ],
        "timestamp": "2024-04-08T16:34:03.857599"
    }
}